[INFO] Scanning for projects...
[INFO] 
[INFO] -------------------< com.aharam:tuition-management >--------------------
[INFO] Building tuition-management 0.0.1-SNAPSHOT
[INFO]   from pom.xml
[INFO] --------------------------------[ jar ]---------------------------------
[INFO] 
[INFO] --- clean:3.3.2:clean (default-clean) @ tuition-management ---
[INFO] Deleting E:\Mini Projects\aharam\backend\target
[INFO] 
[INFO] --- resources:3.3.1:resources (default-resources) @ tuition-management ---
[INFO] Copying 1 resource from src\main\resources to target\classes
[INFO] Copying 0 resource from src\main\resources to target\classes
[INFO] 
[INFO] --- compiler:3.11.0:compile (default-compile) @ tuition-management ---
[INFO] Changes detected - recompiling the module! :source
[INFO] Compiling 56 source files with javac [debug release 17] to target\classes
[INFO] Annotation processing is enabled because one or more processors were found
  on the class path. A future release of javac may disable annotation processing
  unless at least one processor is specified by name (-processor), or a search
  path is specified (--processor-path, --processor-module-path), or annotation
  processing is enabled explicitly (-proc:only, -proc:full).
  Use -Xlint:-options to suppress this message.
  Use -proc:none to disable annotation processing.
[INFO] -------------------------------------------------------------
[ERROR] COMPILATION ERROR : 
[INFO] -------------------------------------------------------------
[ERROR] /E:/Mini Projects/aharam/backend/src/main/java/com/aharam/tuition/controller/DashboardController.java:[74,88] cannot find symbol
  symbol:   method getGender()
  location: variable s of type com.aharam.tuition.entity.Student
[ERROR] /E:/Mini Projects/aharam/backend/src/main/java/com/aharam/tuition/controller/DashboardController.java:[75,91] cannot find symbol
  symbol:   method getGender()
  location: variable s of type com.aharam.tuition.entity.Student
[ERROR] /E:/Mini Projects/aharam/backend/src/main/java/com/aharam/tuition/controller/DashboardController.java:[100,75] cannot find symbol
  symbol:   method findTop5ByOrderByCreatedAtDesc()
  location: variable notificationLogRepository of type com.aharam.tuition.repository.NotificationLogRepository
[ERROR] /E:/Mini Projects/aharam/backend/src/main/java/com/aharam/tuition/controller/DashboardController.java:[104,40] cannot find symbol
  symbol:   method getSentBy()
  location: variable log of type com.aharam.tuition.entity.NotificationLog
[ERROR] /E:/Mini Projects/aharam/backend/src/main/java/com/aharam/tuition/controller/DashboardController.java:[105,39] cannot find symbol
  symbol:   method getSentByRole()
  location: variable log of type com.aharam.tuition.entity.NotificationLog
[ERROR] /E:/Mini Projects/aharam/backend/src/main/java/com/aharam/tuition/controller/DashboardController.java:[106,90] cannot find symbol
  symbol:   method getAudience()
  location: variable log of type com.aharam.tuition.entity.NotificationLog
[ERROR] /E:/Mini Projects/aharam/backend/src/main/java/com/aharam/tuition/controller/DashboardController.java:[107,37] cannot find symbol
  symbol:   method getCreatedAt()
  location: variable log of type com.aharam.tuition.entity.NotificationLog
[ERROR] /E:/Mini Projects/aharam/backend/src/main/java/com/aharam/tuition/controller/DashboardController.java:[114,63] cannot find symbol
  symbol:   method findByAssignedStaffId(java.lang.Long)
  location: variable studentRepository of type com.aharam.tuition.repository.StudentRepository
[ERROR] /E:/Mini Projects/aharam/backend/src/main/java/com/aharam/tuition/controller/DashboardController.java:[121,46] cannot find symbol
  symbol:   method getAssignedStaff()
  location: variable s of type com.aharam.tuition.entity.Student
[ERROR] /E:/Mini Projects/aharam/backend/src/main/java/com/aharam/tuition/controller/DashboardController.java:[122,37] cannot find symbol
  symbol:   method getAssignedStaff()
  location: variable s of type com.aharam.tuition.entity.Student
[INFO] 10 errors 
[INFO] -------------------------------------------------------------
[INFO] ------------------------------------------------------------------------
[INFO] BUILD FAILURE
[INFO] ------------------------------------------------------------------------
[INFO] Total time:  21.766 s
[INFO] Finished at: 2026-03-05T18:19:11+05:30
[INFO] ------------------------------------------------------------------------
[ERROR] Failed to execute goal org.apache.maven.plugins:maven-compiler-plugin:3.11.0:compile (default-compile) on project tuition-management: Compilation failure: Compilation failure: 
[ERROR] /E:/Mini Projects/aharam/backend/src/main/java/com/aharam/tuition/controller/DashboardController.java:[74,88] cannot find symbol
[ERROR]   symbol:   method getGender()
[ERROR]   location: variable s of type com.aharam.tuition.entity.Student
[ERROR] /E:/Mini Projects/aharam/backend/src/main/java/com/aharam/tuition/controller/DashboardController.java:[75,91] cannot find symbol
[ERROR]   symbol:   method getGender()
[ERROR]   location: variable s of type com.aharam.tuition.entity.Student
[ERROR] /E:/Mini Projects/aharam/backend/src/main/java/com/aharam/tuition/controller/DashboardController.java:[100,75] cannot find symbol
[ERROR]   symbol:   method findTop5ByOrderByCreatedAtDesc()
[ERROR]   location: variable notificationLogRepository of type com.aharam.tuition.repository.NotificationLogRepository
[ERROR] /E:/Mini Projects/aharam/backend/src/main/java/com/aharam/tuition/controller/DashboardController.java:[104,40] cannot find symbol
[ERROR]   symbol:   method getSentBy()
[ERROR]   location: variable log of type com.aharam.tuition.entity.NotificationLog
[ERROR] /E:/Mini Projects/aharam/backend/src/main/java/com/aharam/tuition/controller/DashboardController.java:[105,39] cannot find symbol
[ERROR]   symbol:   method getSentByRole()
[ERROR]   location: variable log of type com.aharam.tuition.entity.NotificationLog
[ERROR] /E:/Mini Projects/aharam/backend/src/main/java/com/aharam/tuition/controller/DashboardController.java:[106,90] cannot find symbol
[ERROR]   symbol:   method getAudience()
[ERROR]   location: variable log of type com.aharam.tuition.entity.NotificationLog
[ERROR] /E:/Mini Projects/aharam/backend/src/main/java/com/aharam/tuition/controller/DashboardController.java:[107,37] cannot find symbol
[ERROR]   symbol:   method getCreatedAt()
[ERROR]   location: variable log of type com.aharam.tuition.entity.NotificationLog
[ERROR] /E:/Mini Projects/aharam/backend/src/main/java/com/aharam/tuition/controller/DashboardController.java:[114,63] cannot find symbol
[ERROR]   symbol:   method findByAssignedStaffId(java.lang.Long)
[ERROR]   location: variable studentRepository of type com.aharam.tuition.repository.StudentRepository
[ERROR] /E:/Mini Projects/aharam/backend/src/main/java/com/aharam/tuition/controller/DashboardController.java:[121,46] cannot find symbol
[ERROR]   symbol:   method getAssignedStaff()
[ERROR]   location: variable s of type com.aharam.tuition.entity.Student
[ERROR] /E:/Mini Projects/aharam/backend/src/main/java/com/aharam/tuition/controller/DashboardController.java:[122,37] cannot find symbol
[ERROR]   symbol:   method getAssignedStaff()
[ERROR]   location: variable s of type com.aharam.tuition.entity.Student
[ERROR] -> [Help 1]
[ERROR] 
[ERROR] To see the full stack trace of the errors, re-run Maven with the -e switch.
[ERROR] Re-run Maven using the -X switch to enable full debug logging.
[ERROR] 
[ERROR] For more information about the errors and possible solutions, please read the following articles:
[ERROR] [Help 1] http://cwiki.apache.org/confluence/display/MAVEN/MojoFailureException
